[     287ms] [ERROR] Loading the font 'https://fonts.gstatic.com/s/inter/v18/UcCO3FwrK3iLTeHuS_nVMrMxCp50SjIw2boKoduKmMEVuLyfAZ9hiJ-Ek-_EeA.woff2' violates the following Content Security Policy directive: "font-src 'self' https://cdn.shopify.com data:". The action has been blocked. @ https://bvl---live-59c56cb80d07a4341b5e.o2.myshopify.dev/:0
[     312ms] [ERROR] Loading the font 'https://fonts.gstatic.com/s/lora/v35/0QI6MX1D_JOuGQbT0gvTJPa787weuxJBkqg.woff2' violates the following Content Security Policy directive: "font-src 'self' https://cdn.shopify.com data:". The action has been blocked. @ https://bvl---live-59c56cb80d07a4341b5e.o2.myshopify.dev/:117
[     422ms] [ERROR] Loading the font 'https://fonts.gstatic.com/s/inter/v18/UcCO3FwrK3iLTeHuS_nVMrMxCp50SjIw2boKoduKmMEVuLyfAZ9hiJ-Ek-_EeA.woff2' violates the following Content Security Policy directive: "font-src 'self' https://cdn.shopify.com data:". The action has been blocked. @ https://cdn.shopify.com/oxygen-v2/50801/121022/248317/4100811/assets/index-BK_uqajb.js:23
[     430ms] Error: Minified React error #418; visit https://reactjs.org/docs/error-decoder.html?invariant=418 for the full message or use the non-minified dev environment for full errors and additional helpful warnings.
    at gu (https://cdn.shopify.com/oxygen-v2/50801/121022/248317/4100811/assets/index-BK_uqajb.js:22:4788)
    at oa (https://cdn.shopify.com/oxygen-v2/50801/121022/248317/4100811/assets/index-BK_uqajb.js:24:45569)
    at ra (https://cdn.shopify.com/oxygen-v2/50801/121022/248317/4100811/assets/index-BK_uqajb.js:24:39705)
    at tc (https://cdn.shopify.com/oxygen-v2/50801/121022/248317/4100811/assets/index-BK_uqajb.js:24:39678)
    at bs (https://cdn.shopify.com/oxygen-v2/50801/121022/248317/4100811/assets/index-BK_uqajb.js:24:34697)
    at on (https://cdn.shopify.com/oxygen-v2/50801/121022/248317/4100811/assets/index-BK_uqajb.js:9:1650)
    at MessagePort.Mn (https://cdn.shopify.com/oxygen-v2/50801/121022/248317/4100811/assets/index-BK_uqajb.js:9:2043)
[     430ms] Error: Minified React error #418; visit https://reactjs.org/docs/error-decoder.html?invariant=418 for the full message or use the non-minified dev environment for full errors and additional helpful warnings.
    at gu (https://cdn.shopify.com/oxygen-v2/50801/121022/248317/4100811/assets/index-BK_uqajb.js:22:4788)
    at oa (https://cdn.shopify.com/oxygen-v2/50801/121022/248317/4100811/assets/index-BK_uqajb.js:24:45569)
    at ra (https://cdn.shopify.com/oxygen-v2/50801/121022/248317/4100811/assets/index-BK_uqajb.js:24:39705)
    at tc (https://cdn.shopify.com/oxygen-v2/50801/121022/248317/4100811/assets/index-BK_uqajb.js:24:39678)
    at bs (https://cdn.shopify.com/oxygen-v2/50801/121022/248317/4100811/assets/index-BK_uqajb.js:24:34697)
    at on (https://cdn.shopify.com/oxygen-v2/50801/121022/248317/4100811/assets/index-BK_uqajb.js:9:1650)
    at MessagePort.Mn (https://cdn.shopify.com/oxygen-v2/50801/121022/248317/4100811/assets/index-BK_uqajb.js:9:2043)
[     430ms] Error: Minified React error #418; visit https://reactjs.org/docs/error-decoder.html?invariant=418 for the full message or use the non-minified dev environment for full errors and additional helpful warnings.
    at gu (https://cdn.shopify.com/oxygen-v2/50801/121022/248317/4100811/assets/index-BK_uqajb.js:22:4788)
    at oa (https://cdn.shopify.com/oxygen-v2/50801/121022/248317/4100811/assets/index-BK_uqajb.js:24:45569)
    at ra (https://cdn.shopify.com/oxygen-v2/50801/121022/248317/4100811/assets/index-BK_uqajb.js:24:39705)
    at tc (https://cdn.shopify.com/oxygen-v2/50801/121022/248317/4100811/assets/index-BK_uqajb.js:24:39678)
    at bs (https://cdn.shopify.com/oxygen-v2/50801/121022/248317/4100811/assets/index-BK_uqajb.js:24:34697)
    at on (https://cdn.shopify.com/oxygen-v2/50801/121022/248317/4100811/assets/index-BK_uqajb.js:9:1650)
    at MessagePort.Mn (https://cdn.shopify.com/oxygen-v2/50801/121022/248317/4100811/assets/index-BK_uqajb.js:9:2043)
[     432ms] Error: Minified React error #418; visit https://reactjs.org/docs/error-decoder.html?invariant=418 for the full message or use the non-minified dev environment for full errors and additional helpful warnings.
    at gu (https://cdn.shopify.com/oxygen-v2/50801/121022/248317/4100811/assets/index-BK_uqajb.js:22:4788)
    at oa (https://cdn.shopify.com/oxygen-v2/50801/121022/248317/4100811/assets/index-BK_uqajb.js:24:45569)
    at ra (https://cdn.shopify.com/oxygen-v2/50801/121022/248317/4100811/assets/index-BK_uqajb.js:24:39705)
    at tc (https://cdn.shopify.com/oxygen-v2/50801/121022/248317/4100811/assets/index-BK_uqajb.js:24:39678)
    at bs (https://cdn.shopify.com/oxygen-v2/50801/121022/248317/4100811/assets/index-BK_uqajb.js:24:34697)
    at on (https://cdn.shopify.com/oxygen-v2/50801/121022/248317/4100811/assets/index-BK_uqajb.js:9:1650)
    at MessagePort.Mn (https://cdn.shopify.com/oxygen-v2/50801/121022/248317/4100811/assets/index-BK_uqajb.js:9:2043)
[     432ms] Error: Minified React error #423; visit https://reactjs.org/docs/error-decoder.html?invariant=423 for the full message or use the non-minified dev environment for full errors and additional helpful warnings.
    at oa (https://cdn.shopify.com/oxygen-v2/50801/121022/248317/4100811/assets/index-BK_uqajb.js:24:45229)
    at ra (https://cdn.shopify.com/oxygen-v2/50801/121022/248317/4100811/assets/index-BK_uqajb.js:24:39705)
    at nc (https://cdn.shopify.com/oxygen-v2/50801/121022/248317/4100811/assets/index-BK_uqajb.js:24:39636)
    at ml (https://cdn.shopify.com/oxygen-v2/50801/121022/248317/4100811/assets/index-BK_uqajb.js:24:39494)
    at ri (https://cdn.shopify.com/oxygen-v2/50801/121022/248317/4100811/assets/index-BK_uqajb.js:24:35878)
    at bs (https://cdn.shopify.com/oxygen-v2/50801/121022/248317/4100811/assets/index-BK_uqajb.js:24:34831)
    at on (https://cdn.shopify.com/oxygen-v2/50801/121022/248317/4100811/assets/index-BK_uqajb.js:9:1650)
    at MessagePort.Mn (https://cdn.shopify.com/oxygen-v2/50801/121022/248317/4100811/assets/index-BK_uqajb.js:9:2043)
[     428ms] [ERROR] Loading the font 'https://fonts.gstatic.com/s/lora/v35/0QI6MX1D_JOuGQbT0gvTJPa787weuxJBkqg.woff2' violates the following Content Security Policy directive: "font-src 'self' https://cdn.shopify.com data:". The action has been blocked. @ https://bvl---live-59c56cb80d07a4341b5e.o2.myshopify.dev/:0
[    1688ms] [ERROR] Loading the script 'https://sdk.gokwik.co/sdk/latest/gokwik-sdk.min.js' violates the following Content Security Policy directive: "script-src-elem 'self' 'unsafe-inline' https://cdn.judge.me https://cdn.shopify.com https://cdnwidget.judge.me https://pdp.gokwik.co https://hits.gokwik.co https://sandbox.pdp.gokwik.co https://sandbox-hits.gokwik.co https://capi-automation.s3.us-east-2.amazonaws.com https://cdn.jsdelivr.net https://www.googletagmanager.com https://www.google-analytics.com https://connect.facebook.net https://*.visualwebsiteoptimizer.com https://app.vwo.com". The action has been blocked. @ https://pdp.gokwik.co/merchant-integration/build/merchant.integration.js?v4:0
[    1715ms] [ERROR] Loading the script 'https://sdk.gokwik.co/sdk/latest/gokwik-sdk.min.js' violates the following Content Security Policy directive: "script-src-elem 'self' 'unsafe-inline' https://cdn.judge.me https://cdn.shopify.com https://cdnwidget.judge.me https://pdp.gokwik.co https://hits.gokwik.co https://sandbox.pdp.gokwik.co https://sandbox-hits.gokwik.co https://capi-automation.s3.us-east-2.amazonaws.com https://cdn.jsdelivr.net https://www.googletagmanager.com https://www.google-analytics.com https://connect.facebook.net https://*.visualwebsiteoptimizer.com https://app.vwo.com". The action has been blocked. @ https://pdp.gokwik.co/merchant-integration/build/merchant.integration.js?v4:0
[    1795ms] [WARNING] gk_analytics_sdk_unavailable_after_retry: script_load_error @ https://pdp.gokwik.co/merchant-integration/build/merchant.integration.js?v4:0
[    1817ms] [ERROR] Loading the script 'https://sdk.gokwik.co/sdk/latest/gokwik-sdk.min.js' violates the following Content Security Policy directive: "script-src-elem 'self' 'unsafe-inline' https://cdn.judge.me https://cdn.shopify.com https://cdnwidget.judge.me https://pdp.gokwik.co https://hits.gokwik.co https://sandbox.pdp.gokwik.co https://sandbox-hits.gokwik.co https://capi-automation.s3.us-east-2.amazonaws.com https://cdn.jsdelivr.net https://www.googletagmanager.com https://www.google-analytics.com https://connect.facebook.net https://*.visualwebsiteoptimizer.com https://app.vwo.com". The action has been blocked. @ https://pdp.gokwik.co/kwikpass/plugin/build/kp-merchant-v2.js:0
[    6318ms] [ERROR] Framing 'https://www.facebook.com/' violates the following Content Security Policy directive: "frame-src https://cdn.judge.me https://judge.me https://pdp.gokwik.co https://sandbox.pdp.gokwik.co https://tez.google.com https://mercury.phonepe.com https://cred-web-stg.dreamplug.in https://payments.juspay.in https://cred.club https://sp-kf-collector-prod.gokwik.io *.shopify.com *.shopifysvc.com https://*.visualwebsiteoptimizer.com https://app.vwo.com". The request has been blocked.
 @ https://connect.facebook.net/:0
[    9648ms] [WARNING] The resource https://bvl---live-59c56cb80d07a4341b5e.o2.myshopify.dev/fonts/inter-latin.woff2 was preloaded using link preload but not used within a few seconds from the window's load event. Please make sure it has an appropriate `as` value and it is preloaded intentionally. @ https://bvl---live-59c56cb80d07a4341b5e.o2.myshopify.dev/:0
[    9648ms] [WARNING] The resource https://cdn.shopify.com/s/files/1/0561/9256/5292/files/1920x720_2_1.webp?v=1768392055 was preloaded using link preload but not used within a few seconds from the window's load event. Please make sure it has an appropriate `as` value and it is preloaded intentionally. @ https://bvl---live-59c56cb80d07a4341b5e.o2.myshopify.dev/:0
[    9648ms] [WARNING] The resource https://bvl---live-59c56cb80d07a4341b5e.o2.myshopify.dev/fonts/playfair-display-latin.woff2 was preloaded using link preload but not used within a few seconds from the window's load event. Please make sure it has an appropriate `as` value and it is preloaded intentionally. @ https://bvl---live-59c56cb80d07a4341b5e.o2.myshopify.dev/:0
[   15098ms] [WARNING] The resource https://bvl---live-59c56cb80d07a4341b5e.o2.myshopify.dev/fonts/inter-latin.woff2 was preloaded using link preload but not used within a few seconds from the window's load event. Please make sure it has an appropriate `as` value and it is preloaded intentionally. @ https://bvl---live-59c56cb80d07a4341b5e.o2.myshopify.dev/:0
[   15099ms] [WARNING] The resource https://cdn.shopify.com/s/files/1/0561/9256/5292/files/1920x720_2_1.webp?v=1768392055 was preloaded using link preload but not used within a few seconds from the window's load event. Please make sure it has an appropriate `as` value and it is preloaded intentionally. @ https://bvl---live-59c56cb80d07a4341b5e.o2.myshopify.dev/:0
[   15099ms] [WARNING] The resource https://bvl---live-59c56cb80d07a4341b5e.o2.myshopify.dev/fonts/playfair-display-latin.woff2 was preloaded using link preload but not used within a few seconds from the window's load event. Please make sure it has an appropriate `as` value and it is preloaded intentionally. @ https://bvl---live-59c56cb80d07a4341b5e.o2.myshopify.dev/:0
[   78617ms] [WARNING] The resource https://bvl---live-59c56cb80d07a4341b5e.o2.myshopify.dev/fonts/inter-latin.woff2 was preloaded using link preload but not used within a few seconds from the window's load event. Please make sure it has an appropriate `as` value and it is preloaded intentionally. @ https://bvl---live-59c56cb80d07a4341b5e.o2.myshopify.dev/:0
[   78617ms] [WARNING] The resource https://cdn.shopify.com/s/files/1/0561/9256/5292/files/1920x720_2_1.webp?v=1768392055 was preloaded using link preload but not used within a few seconds from the window's load event. Please make sure it has an appropriate `as` value and it is preloaded intentionally. @ https://bvl---live-59c56cb80d07a4341b5e.o2.myshopify.dev/:0
[   78617ms] [WARNING] The resource https://bvl---live-59c56cb80d07a4341b5e.o2.myshopify.dev/fonts/playfair-display-latin.woff2 was preloaded using link preload but not used within a few seconds from the window's load event. Please make sure it has an appropriate `as` value and it is preloaded intentionally. @ https://bvl---live-59c56cb80d07a4341b5e.o2.myshopify.dev/:0
[  106053ms] [ERROR] Failed to load resource: the server responded with a status of 400 () @ https://gkx.gokwik.co/v4/auth/otp/login/validate:0
[  109133ms] [WARNING] The resource https://bvl---live-59c56cb80d07a4341b5e.o2.myshopify.dev/fonts/inter-latin.woff2 was preloaded using link preload but not used within a few seconds from the window's load event. Please make sure it has an appropriate `as` value and it is preloaded intentionally. @ https://bvl---live-59c56cb80d07a4341b5e.o2.myshopify.dev/:0
[  109134ms] [WARNING] The resource https://cdn.shopify.com/s/files/1/0561/9256/5292/files/1920x720_2_1.webp?v=1768392055 was preloaded using link preload but not used within a few seconds from the window's load event. Please make sure it has an appropriate `as` value and it is preloaded intentionally. @ https://bvl---live-59c56cb80d07a4341b5e.o2.myshopify.dev/:0
[  109134ms] [WARNING] The resource https://bvl---live-59c56cb80d07a4341b5e.o2.myshopify.dev/fonts/playfair-display-latin.woff2 was preloaded using link preload but not used within a few seconds from the window's load event. Please make sure it has an appropriate `as` value and it is preloaded intentionally. @ https://bvl---live-59c56cb80d07a4341b5e.o2.myshopify.dev/:0
