[     821ms] [ERROR] Loading the font 'https://fonts.gstatic.com/s/inter/v18/UcCO3FwrK3iLTeHuS_nVMrMxCp50SjIw2boKoduKmMEVuLyfAZ9hiJ-Ek-_EeA.woff2' violates the following Content Security Policy directive: "font-src 'self' https://cdn.shopify.com data:". The action has been blocked. @ https://bvl---live-59c56cb80d07a4341b5e.o2.myshopify.dev/:0
[    1004ms] [ERROR] Loading the font 'https://fonts.gstatic.com/s/lora/v35/0QI6MX1D_JOuGQbT0gvTJPa787weuxJBkqg.woff2' violates the following Content Security Policy directive: "font-src 'self' https://cdn.shopify.com data:". The action has been blocked. @ https://bvl---live-59c56cb80d07a4341b5e.o2.myshopify.dev/:11
[    1707ms] [ERROR] Loading the font 'https://fonts.gstatic.com/s/inter/v18/UcCO3FwrK3iLTeHuS_nVMrMxCp50SjIw2boKoduKmMEVuLyfAZ9hiJ-Ek-_EeA.woff2' violates the following Content Security Policy directive: "font-src 'self' https://cdn.shopify.com data:". The action has been blocked. @ https://cdn.shopify.com/oxygen-v2/50801/121022/248317/4100811/assets/index-BK_uqajb.js:23
[    1741ms] Error: Minified React error #418; visit https://reactjs.org/docs/error-decoder.html?invariant=418 for the full message or use the non-minified dev environment for full errors and additional helpful warnings.
    at gu (https://cdn.shopify.com/oxygen-v2/50801/121022/248317/4100811/assets/index-BK_uqajb.js:22:4788)
    at oa (https://cdn.shopify.com/oxygen-v2/50801/121022/248317/4100811/assets/index-BK_uqajb.js:24:45569)
    at ra (https://cdn.shopify.com/oxygen-v2/50801/121022/248317/4100811/assets/index-BK_uqajb.js:24:39705)
    at tc (https://cdn.shopify.com/oxygen-v2/50801/121022/248317/4100811/assets/index-BK_uqajb.js:24:39678)
    at bs (https://cdn.shopify.com/oxygen-v2/50801/121022/248317/4100811/assets/index-BK_uqajb.js:24:34697)
    at on (https://cdn.shopify.com/oxygen-v2/50801/121022/248317/4100811/assets/index-BK_uqajb.js:9:1650)
    at MessagePort.Mn (https://cdn.shopify.com/oxygen-v2/50801/121022/248317/4100811/assets/index-BK_uqajb.js:9:2043)
[    1741ms] Error: Minified React error #418; visit https://reactjs.org/docs/error-decoder.html?invariant=418 for the full message or use the non-minified dev environment for full errors and additional helpful warnings.
    at gu (https://cdn.shopify.com/oxygen-v2/50801/121022/248317/4100811/assets/index-BK_uqajb.js:22:4788)
    at oa (https://cdn.shopify.com/oxygen-v2/50801/121022/248317/4100811/assets/index-BK_uqajb.js:24:45569)
    at ra (https://cdn.shopify.com/oxygen-v2/50801/121022/248317/4100811/assets/index-BK_uqajb.js:24:39705)
    at tc (https://cdn.shopify.com/oxygen-v2/50801/121022/248317/4100811/assets/index-BK_uqajb.js:24:39678)
    at bs (https://cdn.shopify.com/oxygen-v2/50801/121022/248317/4100811/assets/index-BK_uqajb.js:24:34697)
    at on (https://cdn.shopify.com/oxygen-v2/50801/121022/248317/4100811/assets/index-BK_uqajb.js:9:1650)
    at MessagePort.Mn (https://cdn.shopify.com/oxygen-v2/50801/121022/248317/4100811/assets/index-BK_uqajb.js:9:2043)
[    1741ms] Error: Minified React error #418; visit https://reactjs.org/docs/error-decoder.html?invariant=418 for the full message or use the non-minified dev environment for full errors and additional helpful warnings.
    at gu (https://cdn.shopify.com/oxygen-v2/50801/121022/248317/4100811/assets/index-BK_uqajb.js:22:4788)
    at oa (https://cdn.shopify.com/oxygen-v2/50801/121022/248317/4100811/assets/index-BK_uqajb.js:24:45569)
    at ra (https://cdn.shopify.com/oxygen-v2/50801/121022/248317/4100811/assets/index-BK_uqajb.js:24:39705)
    at tc (https://cdn.shopify.com/oxygen-v2/50801/121022/248317/4100811/assets/index-BK_uqajb.js:24:39678)
    at bs (https://cdn.shopify.com/oxygen-v2/50801/121022/248317/4100811/assets/index-BK_uqajb.js:24:34697)
    at on (https://cdn.shopify.com/oxygen-v2/50801/121022/248317/4100811/assets/index-BK_uqajb.js:9:1650)
    at MessagePort.Mn (https://cdn.shopify.com/oxygen-v2/50801/121022/248317/4100811/assets/index-BK_uqajb.js:9:2043)
[    1741ms] Error: Minified React error #418; visit https://reactjs.org/docs/error-decoder.html?invariant=418 for the full message or use the non-minified dev environment for full errors and additional helpful warnings.
    at gu (https://cdn.shopify.com/oxygen-v2/50801/121022/248317/4100811/assets/index-BK_uqajb.js:22:4788)
    at oa (https://cdn.shopify.com/oxygen-v2/50801/121022/248317/4100811/assets/index-BK_uqajb.js:24:45569)
    at ra (https://cdn.shopify.com/oxygen-v2/50801/121022/248317/4100811/assets/index-BK_uqajb.js:24:39705)
    at tc (https://cdn.shopify.com/oxygen-v2/50801/121022/248317/4100811/assets/index-BK_uqajb.js:24:39678)
    at bs (https://cdn.shopify.com/oxygen-v2/50801/121022/248317/4100811/assets/index-BK_uqajb.js:24:34697)
    at on (https://cdn.shopify.com/oxygen-v2/50801/121022/248317/4100811/assets/index-BK_uqajb.js:9:1650)
    at MessagePort.Mn (https://cdn.shopify.com/oxygen-v2/50801/121022/248317/4100811/assets/index-BK_uqajb.js:9:2043)
[    1742ms] Error: Minified React error #423; visit https://reactjs.org/docs/error-decoder.html?invariant=423 for the full message or use the non-minified dev environment for full errors and additional helpful warnings.
    at oa (https://cdn.shopify.com/oxygen-v2/50801/121022/248317/4100811/assets/index-BK_uqajb.js:24:45229)
    at ra (https://cdn.shopify.com/oxygen-v2/50801/121022/248317/4100811/assets/index-BK_uqajb.js:24:39705)
    at nc (https://cdn.shopify.com/oxygen-v2/50801/121022/248317/4100811/assets/index-BK_uqajb.js:24:39636)
    at ml (https://cdn.shopify.com/oxygen-v2/50801/121022/248317/4100811/assets/index-BK_uqajb.js:24:39494)
    at ri (https://cdn.shopify.com/oxygen-v2/50801/121022/248317/4100811/assets/index-BK_uqajb.js:24:35878)
    at bs (https://cdn.shopify.com/oxygen-v2/50801/121022/248317/4100811/assets/index-BK_uqajb.js:24:34831)
    at on (https://cdn.shopify.com/oxygen-v2/50801/121022/248317/4100811/assets/index-BK_uqajb.js:9:1650)
    at MessagePort.Mn (https://cdn.shopify.com/oxygen-v2/50801/121022/248317/4100811/assets/index-BK_uqajb.js:9:2043)
[    1717ms] [ERROR] Loading the font 'https://fonts.gstatic.com/s/lora/v35/0QI6MX1D_JOuGQbT0gvTJPa787weuxJBkqg.woff2' violates the following Content Security Policy directive: "font-src 'self' https://cdn.shopify.com data:". The action has been blocked. @ https://bvl---live-59c56cb80d07a4341b5e.o2.myshopify.dev/:0
[    1998ms] [ERROR] Connecting to 'https://www.google.com/measurement/conversion?random=1790661166285&cv=11&tid=G-98WWSPJLZD&fst=1790661166285&fmt=8&en=session_start&gtm=45je69p1h1v879682491za200zd879682491xecxf1&gcd=13l3l3l3l1l1&dma=0&tag_exp=115938465~115938469~117776796~118897920~118897930~120213116~120385423~120420415~120469145~120469153~121280970&u_w=1280&u_h=720&url=https%3A%2F%2Fbvl---live-59c56cb80d07a4341b5e.o2.myshopify.dev%2F&gacid=1211151024.1790661166&hn=www.googleadservices.com&frm=0&tiba=BellaVita%208th%20Birthday%20Sale%20Is%20Live%20%7C%20Buy%202%20%40%20%E2%82%B9799%20or%20Buy%204%20%40%20%E2%82%B91399%20%7C%20Up%20to%2060%25%20OFF&npa=0&pscdl=noapi&auid=816839587.1790661166&gtm_ee=1&uaa=x86&uab=64&uafvl=Google%2520Chrome%3B153.0.8010.53%7CNot_A%2520Brand%3B8.0.0.0%7CChromium%3B153.0.8010.53&uamb=0&uam=&uap=Windows&uapv=10.0.0&uaw=0&rcb=2' violates the following Content Security Policy directive: "connect-src 'self' https://cdn.judge.me https://judge.me https://cdn.shopify.com https://cdnwidget.judge.me https://cache.judge.me https://pdp.gokwik.co https://hits.gokwik.co https://sandbox.pdp.gokwik.co https://sandbox-hits.gokwik.co https://tez.google.com https://mercury.phonepe.com https://cred-web-stg.dreamplug.in https://payments.juspay.in https://api-gw-v4.dev.gokwik.io https://gkx.gokwik.co https://cdn.jsdelivr.net https://cred.club https://link.famapp.in https://sandbox-analytics.dev.gokwik.io https://api-gw.gokwik.io https://www.googletagmanager.com https://www.google-analytics.com https://*.google-analytics.com https://analytics.google.com https://*.analytics.google.com https://analytics.google.com https://www.facebook.com https://*.facebook.com https://sp-kf-collector.dev.gokwik.io http://sp-kf-collector.dev.gokwik.io https://sp-kf-collector-prod.gokwik.io *.shopify.com *.shopifysvc.com https://apps.bellavitaorganic.com https://*.visualwebsiteoptimizer.com https://app.vwo.com 'self' https://cdn.shopify.com/ https://monorail-edge.shopifysvc.com https://bella-vita-luxury.myshopify.com https://bella-vita-luxury.myshopify.com". The action has been blocked. @ https://www.googletagmanager.com/gtag/js?id=G-98WWSPJLZD:495
[    1999ms] [ERROR] Fetch API cannot load https://www.google.com/measurement/conversion?random=1790661166285&cv=11&tid=G-98WWSPJLZD&fst=1790661166285&fmt=8&en=session_start&gtm=45je69p1h1v879682491za200zd879682491xecxf1&gcd=13l3l3l3l1l1&dma=0&tag_exp=115938465~115938469~117776796~118897920~118897930~120213116~120385423~120420415~120469145~120469153~121280970&u_w=1280&u_h=720&url=https%3A%2F%2Fbvl---live-59c56cb80d07a4341b5e.o2.myshopify.dev%2F&gacid=1211151024.1790661166&hn=www.googleadservices.com&frm=0&tiba=BellaVita%208th%20Birthday%20Sale%20Is%20Live%20%7C%20Buy%202%20%40%20%E2%82%B9799%20or%20Buy%204%20%40%20%E2%82%B91399%20%7C%20Up%20to%2060%25%20OFF&npa=0&pscdl=noapi&auid=816839587.1790661166&gtm_ee=1&uaa=x86&uab=64&uafvl=Google%2520Chrome%3B153.0.8010.53%7CNot_A%2520Brand%3B8.0.0.0%7CChromium%3B153.0.8010.53&uamb=0&uam=&uap=Windows&uapv=10.0.0&uaw=0&rcb=2. Refused to connect because it violates the document's Content Security Policy. @ https://www.googletagmanager.com/gtag/js?id=G-98WWSPJLZD:495
[    2009ms] [ERROR] Connecting to 'https://stats.g.doubleclick.net/g/collect?v=2&tid=G-98WWSPJLZD&cid=1211151024.1790661166&gtm=45je69p1h1v879682491za200zd879682491xf1&rcb=2&aip=1&dma=0&gcd=13l3l3l3l1l1&npa=0&frm=0&tag_exp=115938465~115938469~117776796~118897920~118897930~120213116~120385423~120420415~120469145~120469153~121280970' violates the following Content Security Policy directive: "connect-src 'self' https://cdn.judge.me https://judge.me https://cdn.shopify.com https://cdnwidget.judge.me https://cache.judge.me https://pdp.gokwik.co https://hits.gokwik.co https://sandbox.pdp.gokwik.co https://sandbox-hits.gokwik.co https://tez.google.com https://mercury.phonepe.com https://cred-web-stg.dreamplug.in https://payments.juspay.in https://api-gw-v4.dev.gokwik.io https://gkx.gokwik.co https://cdn.jsdelivr.net https://cred.club https://link.famapp.in https://sandbox-analytics.dev.gokwik.io https://api-gw.gokwik.io https://www.googletagmanager.com https://www.google-analytics.com https://*.google-analytics.com https://analytics.google.com https://*.analytics.google.com https://analytics.google.com https://www.facebook.com https://*.facebook.com https://sp-kf-collector.dev.gokwik.io http://sp-kf-collector.dev.gokwik.io https://sp-kf-collector-prod.gokwik.io *.shopify.com *.shopifysvc.com https://apps.bellavitaorganic.com https://*.visualwebsiteoptimizer.com https://app.vwo.com 'self' https://cdn.shopify.com/ https://monorail-edge.shopifysvc.com https://bella-vita-luxury.myshopify.com https://bella-vita-luxury.myshopify.com". The action has been blocked. @ https://www.googletagmanager.com/gtag/js?id=G-98WWSPJLZD:291
[    2019ms] [ERROR] Loading the image 'https://www.google.co.in/ads/ga-audiences?v=1&t=sr&slf_rd=1&_r=4&tid=G-98WWSPJLZD&cid=1211151024.1790661166&gtm=45je69p1h1v879682491za200zd879682491xf1&rcb=2&aip=1&dma=0&gcd=13l3l3l3l1l1&npa=0&frm=0&tag_exp=115938465~115938469~117776796~118897920~118897930~120213116~120385423~120420415~120469145~120469153~121280970&z=1350338011' violates the following Content Security Policy directive: "img-src 'self' https://cdn.shopify.com https://placehold.co https://cdn.judge.me https://cdnwidget.judge.me https://cache.judge.me https://judge.me https://judgeme.imgix.net data: blob: https://pdp.gokwik.co https://sandbox.pdp.gokwik.co https://www.googletagmanager.com https://www.google-analytics.com https://*.google-analytics.com https://www.facebook.com https://*.facebook.com https://*.visualwebsiteoptimizer.com https://app.vwo.com https://useruploads.vwo.io". The action has been blocked. @ https://bvl---live-59c56cb80d07a4341b5e.o2.myshopify.dev/:0
[    2489ms] [ERROR] Loading the script 'https://sdk.gokwik.co/sdk/latest/gokwik-sdk.min.js' violates the following Content Security Policy directive: "script-src-elem 'self' 'unsafe-inline' https://cdn.judge.me https://cdn.shopify.com https://cdnwidget.judge.me https://pdp.gokwik.co https://hits.gokwik.co https://sandbox.pdp.gokwik.co https://sandbox-hits.gokwik.co https://capi-automation.s3.us-east-2.amazonaws.com https://cdn.jsdelivr.net https://www.googletagmanager.com https://www.google-analytics.com https://connect.facebook.net https://*.visualwebsiteoptimizer.com https://app.vwo.com". The action has been blocked. @ https://pdp.gokwik.co/merchant-integration/build/merchant.integration.js?v4:0
[    2502ms] [ERROR] Loading the script 'https://sdk.gokwik.co/sdk/latest/gokwik-sdk.min.js' violates the following Content Security Policy directive: "script-src-elem 'self' 'unsafe-inline' https://cdn.judge.me https://cdn.shopify.com https://cdnwidget.judge.me https://pdp.gokwik.co https://hits.gokwik.co https://sandbox.pdp.gokwik.co https://sandbox-hits.gokwik.co https://capi-automation.s3.us-east-2.amazonaws.com https://cdn.jsdelivr.net https://www.googletagmanager.com https://www.google-analytics.com https://connect.facebook.net https://*.visualwebsiteoptimizer.com https://app.vwo.com". The action has been blocked. @ https://pdp.gokwik.co/merchant-integration/build/merchant.integration.js?v4:0
[    2502ms] [WARNING] gk_analytics_sdk_unavailable_after_retry: script_load_error @ https://pdp.gokwik.co/merchant-integration/build/merchant.integration.js?v4:0
[    2681ms] [ERROR] Loading the script 'https://sdk.gokwik.co/sdk/latest/gokwik-sdk.min.js' violates the following Content Security Policy directive: "script-src-elem 'self' 'unsafe-inline' https://cdn.judge.me https://cdn.shopify.com https://cdnwidget.judge.me https://pdp.gokwik.co https://hits.gokwik.co https://sandbox.pdp.gokwik.co https://sandbox-hits.gokwik.co https://capi-automation.s3.us-east-2.amazonaws.com https://cdn.jsdelivr.net https://www.googletagmanager.com https://www.google-analytics.com https://connect.facebook.net https://*.visualwebsiteoptimizer.com https://app.vwo.com". The action has been blocked. @ https://pdp.gokwik.co/kwikpass/plugin/build/kp-merchant-v2.js:0
[    5068ms] [ERROR] Connecting to 'https://api.judge.me/api/widget/requests' violates the following Content Security Policy directive: "connect-src 'self' https://cdn.judge.me https://judge.me https://cdn.shopify.com https://cdnwidget.judge.me https://cache.judge.me https://pdp.gokwik.co https://hits.gokwik.co https://sandbox.pdp.gokwik.co https://sandbox-hits.gokwik.co https://tez.google.com https://mercury.phonepe.com https://cred-web-stg.dreamplug.in https://payments.juspay.in https://api-gw-v4.dev.gokwik.io https://gkx.gokwik.co https://cdn.jsdelivr.net https://cred.club https://link.famapp.in https://sandbox-analytics.dev.gokwik.io https://api-gw.gokwik.io https://www.googletagmanager.com https://www.google-analytics.com https://*.google-analytics.com https://analytics.google.com https://*.analytics.google.com https://analytics.google.com https://www.facebook.com https://*.facebook.com https://sp-kf-collector.dev.gokwik.io http://sp-kf-collector.dev.gokwik.io https://sp-kf-collector-prod.gokwik.io *.shopify.com *.shopifysvc.com https://apps.bellavitaorganic.com https://*.visualwebsiteoptimizer.com https://app.vwo.com 'self' https://cdn.shopify.com/ https://monorail-edge.shopifysvc.com https://bella-vita-luxury.myshopify.com https://bella-vita-luxury.myshopify.com". The action has been blocked. @ :0
[   10544ms] [WARNING] The resource https://bvl---live-59c56cb80d07a4341b5e.o2.myshopify.dev/fonts/inter-latin.woff2 was preloaded using link preload but not used within a few seconds from the window's load event. Please make sure it has an appropriate `as` value and it is preloaded intentionally. @ https://bvl---live-59c56cb80d07a4341b5e.o2.myshopify.dev/:0
[   10544ms] [WARNING] The resource https://bvl---live-59c56cb80d07a4341b5e.o2.myshopify.dev/fonts/playfair-display-latin.woff2 was preloaded using link preload but not used within a few seconds from the window's load event. Please make sure it has an appropriate `as` value and it is preloaded intentionally. @ https://bvl---live-59c56cb80d07a4341b5e.o2.myshopify.dev/:0
[   10544ms] [WARNING] The resource https://cdn.shopify.com/s/files/1/0561/9256/5292/files/1920x720_2_1.webp?v=1768392055 was preloaded using link preload but not used within a few seconds from the window's load event. Please make sure it has an appropriate `as` value and it is preloaded intentionally. @ https://bvl---live-59c56cb80d07a4341b5e.o2.myshopify.dev/:0
